grid points 1873 fly positions all 465 two planes 26
vei: mean 0.806 frac>=0.5 0.801 frac==1 0.663 frac==0 0.007
skyfri: mean 0.574 frac>=0.5 0.574 frac==1 0.574 frac==0 0.426
solidag: mean 0.084 frac>=0.5 0.084 frac==1 0.084 frac==0 0.916
innlandet: mean 0.231 frac>=0.5 0.231 frac==1 0.231 frac==0 0.769
utelukket: mean 0.365 frac>=0.5 0.358 frac==1 0.332 frac==0 0.586
defaultno: mean 0.051 frac>=0.5 0.048 frac==1 0.002 frac==0 0.828
skyanalyse: mean 0.028 frac>=0.5 0.022 frac==1 0.000 frac==0 0.859
bokstaver: mean 0.009 frac>=0.5 0.005 frac==1 0.000 frac==0 0.937
bergen: mean 0.048 frac>=0.5 0.044 frac==1 0.002 frac==0 0.855
fly: mean 0.109 frac>=0.5 0.091 frac==1 0.001 frac==0 0.561
fly(two planes only): mean 0.011 frac>=0.5 0.009 frac==1 0.000 frac==0 0.956

== preset fakta [as-coded(49 planes)] classes: 0(>=90%)=1 1=14 2=147 3=679 hidden=1032; best raw=0.8136
   60.90,11.40 rel=1.000 drive=1.85h snap=574m flyKm=7.9 sol=1 inn=1 ute=0.4
   60.20,12.40 rel=0.780 drive=2.19h snap=467m flyKm=12.1 sol=1 inn=1 ute=0.2
   60.00,11.00 rel=0.614 drive=0.49h snap=58m flyKm=0.4 sol=0 inn=0 ute=0.0
   62.80,11.60 rel=0.613 drive=6.62h snap=1291m flyKm=0.9 sol=0 inn=0 ute=0.0
   59.30,11.80 rel=0.610 drive=2.32h snap=970m flyKm=1.5 sol=0 inn=0 ute=0.8
   60.30,10.20 rel=0.607 drive=1.33h snap=260m flyKm=1.8 sol=0 inn=0 ute=1.0
   class0 cells: [(60.9, 11.4)]

== preset fakta [two-planes-only] classes: 0(>=90%)=1 1=3 2=81 3=715 hidden=1073; best raw=0.8136
   60.90,11.40 rel=1.000 drive=1.85h snap=574m flyKm=7.9 sol=1 inn=1 ute=0.4
   61.20,10.80 rel=0.562 drive=2.58h snap=1441m flyKm=5.1 sol=0 inn=1 ute=1.0
   60.50,11.60 rel=0.374 drive=1.70h snap=159m flyKm=31.8 sol=1 inn=1 ute=0.4
   60.90,12.20 rel=0.369 drive=2.88h snap=476m flyKm=51.0 sol=1 inn=1 ute=0.2
   60.50,12.40 rel=0.369 drive=2.44h snap=320m flyKm=68.8 sol=1 inn=1 ute=0.0
   60.10,12.00 rel=0.369 drive=1.74h snap=266m flyKm=80.8 sol=1 inn=1 ute=0.0
   class0 cells: [(60.9, 11.4)]

== preset alt [as-coded(49 planes)] classes: 0(>=90%)=3 1=16 2=46 3=177 hidden=1631; best raw=0.5849
   60.90,11.20 rel=1.000 drive=1.79h snap=72m flyKm=2.9 sol=0 inn=1 ute=1.0
   61.40,11.00 rel=0.856 drive=3.27h snap=576m flyKm=7.3 sol=0 inn=1 ute=1.0
   62.30,11.40 rel=0.601 drive=5.15h snap=458m flyKm=8.0 sol=0 inn=1 ute=1.0
   60.40,10.20 rel=0.589 drive=1.73h snap=359m flyKm=8.5 sol=0 inn=1 ute=1.0
   61.20,12.20 rel=0.449 drive=2.72h snap=30m flyKm=60.0 sol=1 inn=1 ute=0.6
   64.10,12.40 rel=0.351 drive=10.85h snap=1552m flyKm=0.9 sol=0 inn=0 ute=1.0
   class0 cells: [(60.7, 11.2), (60.8, 11.2), (60.9, 11.2)]

== preset alt [two-planes-only] classes: 0(>=90%)=3 1=15 2=38 3=116 hidden=1701; best raw=0.5849
   60.90,11.20 rel=1.000 drive=1.79h snap=72m flyKm=2.9 sol=0 inn=1 ute=1.0
   61.40,11.00 rel=0.856 drive=3.27h snap=576m flyKm=7.3 sol=0 inn=1 ute=1.0
   61.20,12.20 rel=0.449 drive=2.72h snap=30m flyKm=60.0 sol=1 inn=1 ute=0.6
   60.70,12.40 rel=0.345 drive=2.84h snap=15m flyKm=64.2 sol=1 inn=1 ute=0.4
   61.60,12.20 rel=0.337 drive=3.71h snap=1056m flyKm=74.0 sol=0 inn=1 ute=1.0
   61.80,10.80 rel=0.333 drive=4.35h snap=280m flyKm=50.2 sol=0 inn=1 ute=1.0
   class0 cells: [(60.7, 11.2), (60.8, 11.2), (60.9, 11.2)]

== preset innlandet [as-coded(49 planes)] classes: 0(>=90%)=1 1=5 2=46 3=66 hidden=1755; best raw=0.8436
   60.90,11.40 rel=1.000 drive=1.85h snap=574m flyKm=7.9 sol=1 inn=1 ute=0.4
   60.20,12.40 rel=0.667 drive=2.19h snap=467m flyKm=12.1 sol=1 inn=1 ute=0.2
   60.60,12.40 rel=0.592 drive=2.72h snap=731m flyKm=43.2 sol=1 inn=1 ute=0.0
   61.20,12.20 rel=0.572 drive=2.72h snap=30m flyKm=60.0 sol=1 inn=1 ute=0.6
   60.50,11.60 rel=0.460 drive=1.70h snap=159m flyKm=31.8 sol=1 inn=1 ute=0.4
   61.40,11.00 rel=0.305 drive=3.27h snap=576m flyKm=7.3 sol=0 inn=1 ute=1.0
   class0 cells: [(60.9, 11.4)]

== preset innlandet [two-planes-only] classes: 0(>=90%)=1 1=3 2=48 3=57 hidden=1764; best raw=0.8436
   60.90,11.40 rel=1.000 drive=1.85h snap=574m flyKm=7.9 sol=1 inn=1 ute=0.4
   60.60,12.40 rel=0.592 drive=2.72h snap=731m flyKm=65.7 sol=1 inn=1 ute=0.0
   61.20,12.20 rel=0.572 drive=2.72h snap=30m flyKm=60.0 sol=1 inn=1 ute=0.6
   60.50,11.60 rel=0.460 drive=1.70h snap=159m flyKm=31.8 sol=1 inn=1 ute=0.4
   60.20,12.40 rel=0.451 drive=2.19h snap=467m flyKm=86.5 sol=1 inn=1 ute=0.2
   61.40,11.00 rel=0.305 drive=3.27h snap=576m flyKm=7.3 sol=0 inn=1 ute=1.0
   class0 cells: [(60.9, 11.4)]

== preset norheimsund [as-coded(49 planes)] classes: 0(>=90%)=2 1=3 2=10 3=17 hidden=1841; best raw=0.9757
   60.40,6.20 rel=1.000 drive=6.47h snap=119m flyKm=25.8 sol=0 inn=0 ute=0.0
   60.40,5.40 rel=0.124 drive=8.11h snap=679m flyKm=24.5 sol=0 inn=0 ute=0.0
   60.00,6.00 rel=0.113 drive=6.63h snap=339m flyKm=24.7 sol=0 inn=0 ute=0.0
   60.80,6.00 rel=0.055 drive=6.99h snap=1436m flyKm=42.4 sol=0 inn=0 ute=0.0
   60.70,6.80 rel=0.037 drive=6.61h snap=1594m flyKm=30.6 sol=0 inn=0 ute=0.0
   60.10,6.80 rel=0.024 drive=6.66h snap=4647m flyKm=36.0 sol=0 inn=0 ute=0.0
   class0 cells: [(60.4, 6.0), (60.4, 6.2)]

== preset retning [as-coded(49 planes)] classes: 0(>=90%)=8 1=13 2=14 3=15 hidden=1823; best raw=0.7120
   60.40,8.80 rel=1.000 drive=3.38h snap=1446m flyKm=48.1 sol=0 inn=0 ute=0.0
   60.00,10.40 rel=0.980 drive=0.93h snap=153m flyKm=33.5 sol=0 inn=0 ute=1.0
   60.20,9.60 rel=0.972 drive=1.83h snap=50m flyKm=27.1 sol=0 inn=0 ute=0.2
   60.50,8.00 rel=0.822 drive=3.93h snap=470m flyKm=45.4 sol=0 inn=0 ute=0.0
   62.80,10.20 rel=0.140 drive=6.96h snap=5m flyKm=57.5 sol=0 inn=0 ute=0.0
   63.00,11.80 rel=0.140 drive=6.90h snap=1296m flyKm=3.7 sol=0 inn=0 ute=0.0
   class0 cells: [(60.0, 10.4), (60.1, 10.0), (60.2, 9.6), (60.3, 9.2), (60.4, 8.6), (60.4, 8.8), (60.4, 9.0), (60.5, 8.2)]

== preset fly [as-coded(49 planes)] classes: 0(>=90%)=1 1=2 2=26 3=85 hidden=1759; best raw=0.7337
   60.90,11.40 rel=1.000 drive=1.85h snap=574m flyKm=7.9 sol=1 inn=1 ute=0.4
   60.20,12.40 rel=0.652 drive=2.19h snap=467m flyKm=12.1 sol=1 inn=1 ute=0.2
   60.00,11.00 rel=0.409 drive=0.49h snap=58m flyKm=0.4 sol=0 inn=0 ute=0.0
   62.80,11.60 rel=0.407 drive=6.62h snap=1291m flyKm=0.9 sol=0 inn=0 ute=0.0
   59.30,11.80 rel=0.404 drive=2.32h snap=970m flyKm=1.5 sol=0 inn=0 ute=0.8
   60.30,10.20 rel=0.402 drive=1.33h snap=260m flyKm=1.8 sol=0 inn=0 ute=1.0
   class0 cells: [(60.9, 11.4)]

== preset fly [two-planes-only] classes: 0(>=90%)=1 1=1 2=5 3=16 hidden=1850; best raw=0.7337
   60.90,11.40 rel=1.000 drive=1.85h snap=574m flyKm=7.9 sol=1 inn=1 ute=0.4
   61.20,10.80 rel=0.359 drive=2.58h snap=1441m flyKm=5.1 sol=0 inn=1 ute=1.0
   60.50,11.20 rel=0.022 drive=1.24h snap=1613m flyKm=24.0 sol=0 inn=0 ute=0.8
   class0 cells: [(60.9, 11.4)]

== preset kort [as-coded(49 planes)] classes: 0(>=90%)=5 1=140 2=148 3=158 hidden=1422; best raw=0.8640
   61.50,11.20 rel=1.000 drive=3.53h snap=143m flyKm=22.7 sol=0 inn=1 ute=1.0
   61.40,12.60 rel=0.925 drive=3.52h snap=781m flyKm=90.2 sol=0 inn=1 ute=1.0
   61.50,10.40 rel=0.883 drive=3.81h snap=778m flyKm=31.6 sol=0 inn=1 ute=1.0
   61.90,11.00 rel=0.777 drive=4.18h snap=531m flyKm=48.2 sol=0 inn=1 ute=1.0
   61.70,12.00 rel=0.751 drive=3.77h snap=604m flyKm=65.8 sol=0 inn=1 ute=1.0
   61.90,10.20 rel=0.702 drive=4.21h snap=728m flyKm=71.5 sol=0 inn=1 ute=0.0
   class0 cells: [(61.4, 12.6), (61.5, 11.2), (61.5, 12.6), (61.6, 10.6), (61.7, 10.8)]

== preset agder [as-coded(49 planes)] classes: 0(>=90%)=7 1=26 2=35 3=37 hidden=1768; best raw=0.9940
   58.70,8.20 rel=1.000 drive=4.59h snap=418m flyKm=118.1 sol=0 inn=0 ute=0.0
   58.90,8.80 rel=0.606 drive=3.54h snap=825m flyKm=103.1 sol=0 inn=0 ute=0.0
   58.50,8.80 rel=0.604 drive=3.48h snap=25m flyKm=77.2 sol=0 inn=0 ute=1.0
   58.40,7.80 rel=0.525 drive=5.01h snap=16m flyKm=117.0 sol=0 inn=0 ute=0.0
   59.10,8.20 rel=0.502 drive=4.14h snap=475m flyKm=93.8 sol=0 inn=0 ute=0.0
   58.70,7.40 rel=0.424 drive=5.67h snap=65m flyKm=99.9 sol=0 inn=0 ute=0.0
   class0 cells: [(58.6, 8.2), (58.6, 8.4), (58.7, 8.0), (58.7, 8.2), (58.7, 8.4), (58.8, 8.2), (58.8, 8.4)]

== preset defaultno [as-coded(49 planes)] classes: 0(>=90%)=17 1=47 2=44 3=32 hidden=1733; best raw=1.0000
   60.90,11.20 rel=1.000 drive=1.79h snap=72m flyKm=2.9 sol=0 inn=1 ute=1.0
   61.30,11.20 rel=1.000 drive=2.91h snap=251m flyKm=15.9 sol=0 inn=1 ute=1.0
   60.60,12.40 rel=0.994 drive=2.72h snap=731m flyKm=43.2 sol=1 inn=1 ute=0.0
   61.30,12.40 rel=0.977 drive=3.22h snap=1024m flyKm=75.0 sol=0 inn=1 ute=0.0
   61.60,10.60 rel=0.632 drive=4.12h snap=555m flyKm=32.1 sol=0 inn=1 ute=1.0
   61.70,11.40 rel=0.471 drive=3.71h snap=429m flyKm=46.7 sol=0 inn=1 ute=1.0
   class0 cells: [(60.5, 12.4), (60.6, 12.2), (60.6, 12.4), (60.7, 12.4), (60.8, 11.2), (60.9, 11.0), (60.9, 11.2), (60.9, 11.4), (61.0, 11.2), (61.2, 11.2), (61.3, 11.2), (61.3, 11.4), (61.3, 12.2), (61.3, 12.4), (61.4, 11.0), (61.4, 11.2), (61.5, 11.2)]
